// Jest Snapshot v1, https://goo.gl/fbAQLP

exports[`Projects renders correctly 1`] = `
<DocumentFragment>
  <p
    class="text-9xl font-extrabold"
  >
    HOMEPAGE
  </p>
</DocumentFragment>
`;
